// Jest Snapshot v1, https://goo.gl/fbAQLP

exports[`travis-after-success calls concurrently with both scripts when on travis 1`] = `concurrently --prefix [{name}] --names codecov,release --prefix-colors bgBlue.bold.reset,bgGreen.bold.reset "echo installing codecov && npx -p codecov -c 'echo running codecov && codecov'" "echo installing semantic-release && npx -p semantic-release@11 -c 'echo running semantic-release && semantic-release'"`;

exports[`travis-after-success does not do autorelease script when running on travis but in a pull request 1`] = `concurrently --prefix [{name}] --names codecov,release --prefix-colors bgBlue.bold.reset,bgGreen.bold.reset "echo installing codecov && npx -p codecov -c 'echo running codecov && codecov'" "echo running semantic-release dry-run && echo installing semantic-release && npx -p semantic-release@11 -c 'echo running semantic-release && semantic-release --dry-run'"`;

exports[`travis-after-success does not do the autorelease script when the version is different 1`] = `concurrently --prefix [{name}] --names codecov,release --prefix-colors bgBlue.bold.reset,bgGreen.bold.reset "echo installing codecov && npx -p codecov -c 'echo running codecov && codecov'" "echo running semantic-release dry-run && echo installing semantic-release && npx -p semantic-release@11 -c 'echo running semantic-release && semantic-release --dry-run'"`;

exports[`travis-after-success does not do the codecov script when opted out 1`] = `concurrently --prefix [{name}] --names release --prefix-colors bgBlue.bold.reset "echo installing semantic-release && npx -p semantic-release@11 -c 'echo running semantic-release && semantic-release'"`;

exports[`travis-after-success does not do the codecov script when there is no coverage directory 1`] = `concurrently --prefix [{name}] --names release --prefix-colors bgBlue.bold.reset "echo installing semantic-release && npx -p semantic-release@11 -c 'echo running semantic-release && semantic-release'"`;

exports[`travis-after-success does not run either script when no coverage dir and not the right version 1`] = `
Array [
  Array [
    No need to autorelease or report coverage.,
  ],
]
`;
